[GATEWAY] 2026/02/26 23:58:02.821098 [INFO] Starting API Gateway...
[GATEWAY] 2026/02/26 23:58:02.823993 [INFO] Gateway running on port 8080
{"time":"2026-02-27T00:49:18.913894+01:00","level":"INFO","msg":"gateway_start","subsystem":"gateway","port":"8080"}
{"time":"2026-02-27T00:49:18.916318+01:00","level":"INFO","msg":"http_listen","subsystem":"gateway","addr":":8080"}
{"time":"2026-02-27T00:50:58.887165+01:00","level":"INFO","msg":"http_request","subsystem":"gateway","method":"GET","path":"/","query":"","status":200,"bytes":98,"ip":"::1","ua":"PostmanRuntime/7.39.1","proto":"HTTP/1.1","latency":28209}
{"time":"2026-02-27T00:51:15.190695+01:00","level":"INFO","msg":"http_request","subsystem":"gateway","method":"GET","path":"/v1/ping","query":"","status":200,"bytes":33,"ip":"::1","ua":"Mozilla/5.0 (Macintosh; Intel Mac OS X 10_15_7) AppleWebKit/537.36 (KHTML, like Gecko) Chrome/144.0.0.0 Safari/537.36","proto":"HTTP/1.1","latency":97875}
{"time":"2026-02-27T00:51:21.413666+01:00","level":"INFO","msg":"http_request","subsystem":"gateway","method":"GET","path":"/v2/ping","query":"","status":200,"bytes":33,"ip":"::1","ua":"Mozilla/5.0 (Macintosh; Intel Mac OS X 10_15_7) AppleWebKit/537.36 (KHTML, like Gecko) Chrome/144.0.0.0 Safari/537.36","proto":"HTTP/1.1","latency":52667}
{"time":"2026-02-27T00:51:24.805251+01:00","level":"INFO","msg":"http_request","subsystem":"gateway","method":"GET","path":"/livez","query":"","status":200,"bytes":56,"ip":"::1","ua":"Mozilla/5.0 (Macintosh; Intel Mac OS X 10_15_7) AppleWebKit/537.36 (KHTML, like Gecko) Chrome/144.0.0.0 Safari/537.36","proto":"HTTP/1.1","latency":182334}
{"time":"2026-02-27T00:51:31.947732+01:00","level":"INFO","msg":"http_request","subsystem":"gateway","method":"GET","path":"/readyz","query":"","status":200,"bytes":428,"ip":"::1","ua":"Mozilla/5.0 (Macintosh; Intel Mac OS X 10_15_7) AppleWebKit/537.36 (KHTML, like Gecko) Chrome/144.0.0.0 Safari/537.36","proto":"HTTP/1.1","latency":3851583}
{"time":"2026-02-27T00:54:25.093346+01:00","level":"INFO","msg":"http_request","subsystem":"gateway","method":"GET","path":"/readyz","query":"","status":200,"bytes":427,"ip":"::1","ua":"PostmanRuntime/7.39.1","proto":"HTTP/1.1","latency":2087959}
{"time":"2026-02-27T00:54:57.181166+01:00","level":"WARN","msg":"http_request","subsystem":"gateway","method":"GET","path":"/healthz","query":"","status":404,"bytes":19,"ip":"::1","ua":"PostmanRuntime/7.39.1","proto":"HTTP/1.1","latency":57167}
{"time":"2026-02-27T00:55:09.256258+01:00","level":"INFO","msg":"http_request","subsystem":"gateway","method":"GET","path":"/","query":"","status":200,"bytes":98,"ip":"::1","ua":"PostmanRuntime/7.39.1","proto":"HTTP/1.1","latency":23292}
{"time":"2026-02-27T00:55:10.85659+01:00","level":"INFO","msg":"http_request","subsystem":"gateway","method":"GET","path":"/","query":"","status":200,"bytes":98,"ip":"::1","ua":"PostmanRuntime/7.39.1","proto":"HTTP/1.1","latency":16416}
{"time":"2026-02-27T00:55:21.51707+01:00","level":"INFO","msg":"http_request","subsystem":"gateway","method":"GET","path":"/","query":"","status":200,"bytes":98,"ip":"::1","ua":"PostmanRuntime/7.39.1","proto":"HTTP/1.1","latency":27250}
{"time":"2026-02-27T00:55:39.286748+01:00","level":"INFO","msg":"shutdown_signal_received","subsystem":"gateway"}
{"time":"2026-02-27T00:55:39.789341+01:00","level":"INFO","msg":"server_shutdown_complete","subsystem":"gateway"}
{"time":"2026-02-27T01:21:12.373809+01:00","level":"INFO","msg":"gateway_start","subsystem":"gateway","port":"8080"}
{"time":"2026-02-27T01:21:12.374999+01:00","level":"INFO","msg":"http_listen","subsystem":"gateway","addr":":8080"}
{"time":"2026-02-27T01:21:54.660515+01:00","level":"ERROR","msg":"http_request","subsystem":"gateway","method":"GET","path":"/v1/orders/list","query":"","status":502,"bytes":20,"ip":"::1","ua":"PostmanRuntime/7.39.1","proto":"HTTP/1.1","latency":22583}
{"time":"2026-02-27T01:23:13.206028+01:00","level":"ERROR","msg":"http_request","subsystem":"gateway","method":"GET","path":"/v1/orders/list","query":"","status":502,"bytes":20,"ip":"::1","ua":"curl/8.7.1","proto":"HTTP/1.1","latency":22041}
{"time":"2026-02-27T01:23:31.65489+01:00","level":"ERROR","msg":"http_request","subsystem":"gateway","method":"GET","path":"/v1/orders/list","query":"","status":502,"bytes":20,"ip":"::1","ua":"curl/8.7.1","proto":"HTTP/1.1","latency":20042}
{"time":"2026-02-27T01:23:46.207621+01:00","level":"INFO","msg":"http_request","subsystem":"gateway","method":"GET","path":"/livez","query":"","status":200,"bytes":56,"ip":"::1","ua":"curl/8.7.1","proto":"HTTP/1.1","latency":121542}
{"time":"2026-02-27T01:23:57.986018+01:00","level":"INFO","msg":"http_request","subsystem":"gateway","method":"GET","path":"/readyz","query":"","status":200,"bytes":428,"ip":"::1","ua":"curl/8.7.1","proto":"HTTP/1.1","latency":2313083}
{"time":"2026-02-27T01:26:05.856526+01:00","level":"ERROR","msg":"http_request","subsystem":"gateway","method":"GET","path":"/v1/orders/list","query":"","status":502,"bytes":20,"ip":"::1","ua":"Mozilla/5.0 (Macintosh; Intel Mac OS X 10_15_7) AppleWebKit/537.36 (KHTML, like Gecko) Chrome/144.0.0.0 Safari/537.36","proto":"HTTP/1.1","latency":35708}
{"time":"2026-02-27T01:33:57.802389+01:00","level":"INFO","msg":"shutdown_signal_received","subsystem":"gateway"}
{"time":"2026-02-27T01:33:58.308501+01:00","level":"INFO","msg":"server_shutdown_complete","subsystem":"gateway"}
{"time":"2026-02-27T01:34:08.107028+01:00","level":"INFO","msg":"gateway_start","subsystem":"gateway","port":"8080"}
{"time":"2026-02-27T01:34:08.108391+01:00","level":"INFO","msg":"http_listen","subsystem":"gateway","addr":":8080"}
{"time":"2026-02-27T01:34:27.923224+01:00","level":"INFO","msg":"http_request","subsystem":"gateway","method":"GET","path":"/v1/orders/list","query":"","status":200,"bytes":36,"ip":"::1","ua":"PostmanRuntime/7.39.1","proto":"HTTP/1.1","latency":990125}
{"time":"2026-02-27T01:35:37.023052+01:00","level":"INFO","msg":"http_request","subsystem":"gateway","method":"GET","path":"/v1/orders/list","query":"","status":200,"bytes":36,"ip":"::1","ua":"PostmanRuntime/7.39.1","proto":"HTTP/1.1","latency":831333}
{"time":"2026-02-27T01:36:02.568192+01:00","level":"INFO","msg":"http_request","subsystem":"gateway","method":"GET","path":"/livez","query":"","status":200,"bytes":56,"ip":"::1","ua":"PostmanRuntime/7.39.1","proto":"HTTP/1.1","latency":95375}
{"time":"2026-02-27T01:36:04.750686+01:00","level":"INFO","msg":"http_request","subsystem":"gateway","method":"GET","path":"/livez","query":"","status":200,"bytes":55,"ip":"::1","ua":"PostmanRuntime/7.39.1","proto":"HTTP/1.1","latency":28375}
{"time":"2026-02-27T01:36:19.910316+01:00","level":"INFO","msg":"http_request","subsystem":"gateway","method":"GET","path":"/readyz","query":"","status":200,"bytes":428,"ip":"::1","ua":"PostmanRuntime/7.39.1","proto":"HTTP/1.1","latency":2143208}
{"time":"2026-02-27T01:36:20.683264+01:00","level":"INFO","msg":"http_request","subsystem":"gateway","method":"GET","path":"/readyz","query":"","status":200,"bytes":428,"ip":"::1","ua":"PostmanRuntime/7.39.1","proto":"HTTP/1.1","latency":439041}
{"time":"2026-02-27T01:37:20.388337+01:00","level":"INFO","msg":"shutdown_signal_received","subsystem":"gateway"}
{"time":"2026-02-27T01:37:20.890847+01:00","level":"INFO","msg":"server_shutdown_complete","subsystem":"gateway"}
